Command: vcs -full64 -sverilog -l compile.log -timescale=1ns/1ns -f filelist.f -debug_access+all \
-kdb -lca +vcs+fsdbon +define+MP_FSDB
                         Chronologic VCS (TM)
       Version V-2023.12-SP2_Full64 -- Fri Mar 13 00:46:44 2026

                    Copyright (c) 1991 - 2024 Synopsys, Inc.
   This software and the associated documentation are proprietary to Synopsys,
 Inc. This software may only be used in accordance with the terms and conditions
 of a written license agreement with Synopsys, Inc. All other use, reproduction,
   or distribution of this software is strictly prohibited.  Licensed Products
     communicate with Synopsys servers for the purpose of providing software
    updates, detecting software piracy and verifying that customers are using
    Licensed Products in conformity with the applicable License Key for such
  Licensed Products. Synopsys will use information gathered in connection with
    this process to deliver software updates and pursue software pirates and
                                   infringers.

 Inclusivity & Diversity - Visit SolvNetPlus to read the "Synopsys Statement on
            Inclusivity and Diversity" (Refer to article 000036315 at
                        https://solvnetplus.synopsys.com)


Warning-[LCA_FEATURES_ENABLED] Usage warning
  LCA features enabled by '-lca' argument on the command line.  For more 
  information regarding list of LCA features please refer to Chapter "LCA 
  features" in the VCS Release Notes

Parsing design file './env/cordic_const_pkg.sv'
Parsing design file './rtl/angle_rom.sv'
Parsing design file './rtl/cordic_arcsin.sv'
Parsing design file './tb/cordic_arcsin_tb.sv'
Top Level Modules:
       cordic_arcsin_tb
TimeScale is 1 ns / 1 ps
Starting vcs inline pass...

2 modules and 0 UDP read.
recompiling module cordic_arcsin_tb
	However, due to incremental compilation, only 1 module needs to be compiled. 
make[1]: Entering directory '/home/host/ZF_PRJ/CORDIC-ASIN-FPGA/csrc'
rm -f _cuarc*.so _csrc*.so pre_vcsobj_*.so share_vcsobj_*.so
if [ -x ../simv ]; then chmod a-x ../simv; fi
g++  -o ../simv      -rdynamic  -Wl,-rpath='$ORIGIN'/simv.daidir -Wl,-rpath=./simv.daidir \
-Wl,-rpath=/opt/Synopsys/vcs/V-2023.12-SP2/linux64/lib -L/opt/Synopsys/vcs/V-2023.12-SP2/linux64/lib \
-Wl,-rpath-link=./  /usr/lib64/libnuma.so.1   objs/amcQw_d.o   _26304_archive_1.so \
_prev_archive_1.so   SIM_l.o      rmapats_mop.o rmapats.o rmar.o rmar_nd.o  rmar_llvm_0_1.o \
rmar_llvm_0_0.o            -lvirsim -lerrorinf -lsnpsmalloc -lvfs    -lvcsnew -lsimprofile \
-luclinative /opt/Synopsys/vcs/V-2023.12-SP2/linux64/lib/vcs_tls.o   -Wl,-whole-archive \
-lvcsucli    -Wl,-no-whole-archive        _vcs_pli_stub_.o   /opt/Synopsys/vcs/V-2023.12-SP2/linux64/lib/vcs_save_restore_new.o \
/opt/Synopsys/verdi/V-2023.12-SP2/share/PLI/VCS/LINUX64/pli.a -ldl  -lc -lm -lpthread \
-ldl 
../simv up to date
make[1]: Leaving directory '/home/host/ZF_PRJ/CORDIC-ASIN-FPGA/csrc'
CPU time: .531 seconds to compile + .280 seconds to elab + .306 seconds to link
Verdi KDB elaboration done and the database successfully generated: 0 error(s), 0 warning(s)
